Archive member included to satisfy reference by file (symbol)

hw_include/libdriver.a(gpio_dirmodeset_.o)
                              gcc/main.o (GPIODirModeSet)
hw_include/libdriver.a(gpio_inttypeset_.o)
                              gcc/main.o (GPIOIntTypeSet)
hw_include/libdriver.a(gpio_pinintclear_.o)
                              gcc/main.o (GPIOPinIntClear)
hw_include/libdriver.a(gpio_pinintenable_.o)
                              gcc/main.o (GPIOPinIntEnable)
hw_include/libdriver.a(gpio_pintypei2c_.o)
                              gcc/osram96x16.o (GPIOPinTypeI2C)
hw_include/libdriver.a(i2c_mastercontrol_.o)
                              gcc/osram96x16.o (I2CMasterControl)
hw_include/libdriver.a(i2c_masterdataput_.o)
                              gcc/osram96x16.o (I2CMasterDataPut)
hw_include/libdriver.a(i2c_masterinit_.o)
                              gcc/osram96x16.o (I2CMasterInit)
hw_include/libdriver.a(i2c_masterintstatus_.o)
                              gcc/osram96x16.o (I2CMasterIntStatus)
hw_include/libdriver.a(i2c_masterslaveaddrset_.o)
                              gcc/osram96x16.o (I2CMasterSlaveAddrSet)
hw_include/libdriver.a(interrupt_enable_.o)
                              gcc/main.o (IntEnable)
hw_include/libdriver.a(interrupt_priorityset_.o)
                              gcc/main.o (IntPrioritySet)
hw_include/libdriver.a(interrupt_pulregs_.o)
                              hw_include/libdriver.a(interrupt_priorityset_.o) (g_pulRegs)
hw_include/libdriver.a(sysctl_clockget_.o)
                              hw_include/libdriver.a(i2c_masterinit_.o) (SysCtlClockGet)
hw_include/libdriver.a(sysctl_clockset_.o)
                              gcc/main.o (SysCtlClockSet)
hw_include/libdriver.a(sysctl_peripheralenable_.o)
                              gcc/main.o (SysCtlPeripheralEnable)
hw_include/libdriver.a(sysctl_pulrcgcregs_.o)
                              hw_include/libdriver.a(sysctl_peripheralenable_.o) (g_pulRCGCRegs)
hw_include/libdriver.a(sysctl_pulxtals_.o)
                              hw_include/libdriver.a(sysctl_clockget_.o) (g_pulXtals)
hw_include/libdriver.a(uart_configset_.o)
                              gcc/main.o (UARTConfigSet)
hw_include/libdriver.a(uart_disable_.o)
                              hw_include/libdriver.a(uart_configset_.o) (UARTDisable)
hw_include/libdriver.a(uart_enable_.o)
                              hw_include/libdriver.a(uart_configset_.o) (UARTEnable)
hw_include/libdriver.a(uart_intclear_.o)
                              gcc/main.o (UARTIntClear)
hw_include/libdriver.a(uart_intdisable_.o)
                              gcc/main.o (UARTIntDisable)
hw_include/libdriver.a(uart_intenable_.o)
                              gcc/main.o (UARTIntEnable)
hw_include/libdriver.a(uart_intstatus_.o)
                              gcc/main.o (UARTIntStatus)
hw_include/libdriver.a(gpio_padconfigset_.o)
                              hw_include/libdriver.a(gpio_pintypei2c_.o) (GPIOPadConfigSet)
hw_include/libdriver.a(i2c_masterenable_.o)
                              hw_include/libdriver.a(i2c_masterinit_.o) (I2CMasterEnable)
/usr/lib/gcc/arm-none-eabi/9.2.1/../../../arm-none-eabi/lib/thumb/nofp/libc.a(lib_a-memcpy-stub.o)
                              gcc/queue.o (memcpy)
/usr/lib/gcc/arm-none-eabi/9.2.1/../../../arm-none-eabi/lib/thumb/nofp/libc.a(lib_a-memset.o)
                              gcc/tasks.o (memset)

Allocating common symbols
Common symbol       size              file

xPrintQueue         0x4               gcc/main.o
xButtonSemaphore    0x4               gcc/main.o

Memory Configuration

Name             Origin             Length             Attributes
FLASH            0x0000000000000000 0x0000000000010000 xr
SRAM             0x0000000020000000 0x0000000000002000 xrw
*default*        0x0000000000000000 0xffffffffffffffff

Linker script and memory map


.text           0x0000000000000000     0x2fb4
 *(.isr_vector)
 .isr_vector    0x0000000000000000       0xb8 gcc/startup.o
                0x0000000000000000                g_pfnVectors
 *(.text*)
 .text          0x00000000000000b8       0x68 gcc/startup.o
                0x00000000000000c4                ResetISR
 .text          0x0000000000000120      0x1bc gcc/main.o
                0x0000000000000258                vUART_ISR
                0x000000000000029c                vGPIO_ISR
 .text.startup  0x00000000000002dc      0x170 gcc/main.o
                0x00000000000002dc                main
 .text          0x000000000000044c       0x90 gcc/list.o
                0x000000000000044c                vListInitialise
                0x0000000000000464                vListInitialiseItem
                0x000000000000046c                vListInsertEnd
                0x0000000000000488                vListInsert
                0x00000000000004b8                uxListRemove
 .text          0x00000000000004dc      0x814 gcc/queue.o
                0x00000000000005f4                xQueueGenericReset
                0x0000000000000678                xQueueGenericCreate
                0x00000000000006bc                xQueueGenericSend
                0x00000000000007d0                xQueueGenericSendFromISR
                0x0000000000000848                xQueueGiveFromISR
                0x00000000000008bc                xQueueReceive
                0x00000000000009d8                xQueueSemaphoreTake
                0x0000000000000ae0                xQueuePeek
                0x0000000000000bf0                xQueueReceiveFromISR
                0x0000000000000c6c                xQueuePeekFromISR
                0x0000000000000ca0                uxQueueMessagesWaiting
                0x0000000000000cb4                uxQueueSpacesAvailable
                0x0000000000000ccc                uxQueueMessagesWaitingFromISR
                0x0000000000000cd0                vQueueDelete
                0x0000000000000cd4                xQueueIsQueueEmptyFromISR
                0x0000000000000ce0                xQueueIsQueueFullFromISR
 .text          0x0000000000000cf0      0xd80 gcc/tasks.o
                0x0000000000000e84                xTaskCreate
                0x000000000000102c                vTaskStartScheduler
                0x000000000000108c                vTaskEndScheduler
                0x00000000000010ac                vTaskSuspendAll
                0x00000000000010c0                xTaskResumeAll
                0x0000000000001208                xTaskDelayUntil
                0x0000000000001260                vTaskDelay
                0x0000000000001298                xTaskGetTickCount
                0x00000000000012a4                xTaskGetTickCountFromISR
                0x00000000000012b0                uxTaskGetNumberOfTasks
                0x00000000000012bc                pcTaskGetName
                0x00000000000012d0                xTaskCatchUpTicks
                0x0000000000001300                xTaskIncrementTick
                0x000000000000131c                vTaskSwitchContext
                0x0000000000001364                vTaskPlaceOnEventList
                0x0000000000001380                vTaskPlaceOnUnorderedEventList
                0x00000000000013c0                xTaskRemoveFromEventList
                0x0000000000001480                vTaskRemoveFromUnorderedEventList
                0x0000000000001518                vTaskSetTimeOutState
                0x0000000000001538                vTaskInternalSetTimeOutState
                0x0000000000001548                xTaskCheckForTimeOut
                0x0000000000001598                vTaskMissedYield
                0x00000000000015a8                xTaskGetCurrentTaskHandle
                0x00000000000015b4                uxTaskResetEventItemValue
                0x00000000000015cc                ulTaskGenericNotifyTake
                0x0000000000001650                xTaskGenericNotifyWait
                0x00000000000016f4                xTaskGenericNotify
                0x00000000000017f8                xTaskGenericNotifyFromISR
                0x000000000000191c                vTaskGenericNotifyGiveFromISR
                0x0000000000001a0c                xTaskGenericNotifyStateClear
                0x0000000000001a40                ulTaskGenericNotifyValueClear
 .text          0x0000000000001a70      0x1b8 gcc/port.o
                0x0000000000001ab0                pxPortInitialiseStack
                0x0000000000001ad8                vPortSVCHandler
                0x0000000000001b04                vPortEndScheduler
                0x0000000000001b08                vPortEnterCritical
                0x0000000000001b28                vPortExitCritical
                0x0000000000001b3c                xPortPendSVHandler
                0x0000000000001b84                xPortSysTickHandler
                0x0000000000001bb0                vPortSetupTimerInterrupt
                0x0000000000001bd8                xPortStartScheduler
 .text          0x0000000000001c28       0x90 gcc/heap_1.o
                0x0000000000001c28                pvPortMalloc
                0x0000000000001c98                vPortFree
                0x0000000000001c9c                vPortInitialiseBlocks
                0x0000000000001ca8                xPortGetFreeHeapSize
 .text          0x0000000000001cb8      0x1f8 gcc/BlockQ.o
                0x0000000000001d30                vStartBlockingQueueTasks
                0x0000000000001e60                xAreBlockingQueuesStillRunning
 .text          0x0000000000001eb0      0x128 gcc/PollQ.o
                0x0000000000001f68                vStartPolledQueueTasks
                0x0000000000001fbc                xArePollingQueuesStillRunning
 .text          0x0000000000001fd8       0x9c gcc/integer.o
                0x0000000000002038                vStartIntegerMathTasks
                0x0000000000002060                xAreIntegerMathsTaskStillRunning
 .text          0x0000000000002074      0x1d0 gcc/semtest.o
                0x0000000000002148                vStartSemaphoreTasks
                0x0000000000002210                xAreSemaphoreTasksStillRunning
 .text          0x0000000000002244      0x350 gcc/osram96x16.o
                0x0000000000002330                OSRAMClear
                0x000000000000237c                OSRAMStringDraw
                0x0000000000002434                OSRAMImageDraw
                0x00000000000024a4                OSRAMInit
                0x000000000000252c                OSRAMDisplayOn
                0x000000000000256c                OSRAMDisplayOff
 .text          0x0000000000002594       0x48 hw_include/libdriver.a(gpio_dirmodeset_.o)
                0x0000000000002594                GPIODirModeSet
 .text          0x00000000000025dc       0x74 hw_include/libdriver.a(gpio_inttypeset_.o)
                0x00000000000025dc                GPIOIntTypeSet
 .text          0x0000000000002650        0x8 hw_include/libdriver.a(gpio_pinintclear_.o)
                0x0000000000002650                GPIOPinIntClear
 .text          0x0000000000002658        0xc hw_include/libdriver.a(gpio_pinintenable_.o)
                0x0000000000002658                GPIOPinIntEnable
 .text          0x0000000000002664       0x20 hw_include/libdriver.a(gpio_pintypei2c_.o)
                0x0000000000002664                GPIOPinTypeI2C
 .text          0x0000000000002684        0x4 hw_include/libdriver.a(i2c_mastercontrol_.o)
                0x0000000000002684                I2CMasterControl
 .text          0x0000000000002688        0x4 hw_include/libdriver.a(i2c_masterdataput_.o)
                0x0000000000002688                I2CMasterDataPut
 .text          0x000000000000268c       0x34 hw_include/libdriver.a(i2c_masterinit_.o)
                0x000000000000268c                I2CMasterInit
 .text          0x00000000000026c0       0x18 hw_include/libdriver.a(i2c_masterintstatus_.o)
                0x00000000000026c0                I2CMasterIntStatus
 .text          0x00000000000026d8        0x8 hw_include/libdriver.a(i2c_masterslaveaddrset_.o)
                0x00000000000026d8                I2CMasterSlaveAddrSet
 .text          0x00000000000026e0       0x5c hw_include/libdriver.a(interrupt_enable_.o)
                0x00000000000026e0                IntEnable
 .text          0x000000000000273c       0x30 hw_include/libdriver.a(interrupt_priorityset_.o)
                0x000000000000273c                IntPrioritySet
 .text          0x000000000000276c        0x0 hw_include/libdriver.a(interrupt_pulregs_.o)
 .text          0x000000000000276c       0x90 hw_include/libdriver.a(sysctl_clockget_.o)
                0x000000000000276c                SysCtlClockGet
 .text          0x00000000000027fc       0xcc hw_include/libdriver.a(sysctl_clockset_.o)
                0x00000000000027fc                SysCtlClockSet
 .text          0x00000000000028c8       0x1c hw_include/libdriver.a(sysctl_peripheralenable_.o)
                0x00000000000028c8                SysCtlPeripheralEnable
 .text          0x00000000000028e4        0x0 hw_include/libdriver.a(sysctl_pulrcgcregs_.o)
 .text          0x00000000000028e4        0x0 hw_include/libdriver.a(sysctl_pulxtals_.o)
 .text          0x00000000000028e4       0x38 hw_include/libdriver.a(uart_configset_.o)
                0x00000000000028e4                UARTConfigSet
 .text          0x000000000000291c       0x24 hw_include/libdriver.a(uart_disable_.o)
                0x000000000000291c                UARTDisable
 .text          0x0000000000002940       0x18 hw_include/libdriver.a(uart_enable_.o)
                0x0000000000002940                UARTEnable
 .text          0x0000000000002958        0x4 hw_include/libdriver.a(uart_intclear_.o)
                0x0000000000002958                UARTIntClear
 .text          0x000000000000295c        0xc hw_include/libdriver.a(uart_intdisable_.o)
                0x000000000000295c                UARTIntDisable
 .text          0x0000000000002968        0x8 hw_include/libdriver.a(uart_intenable_.o)
                0x0000000000002968                UARTIntEnable
 .text          0x0000000000002970        0xc hw_include/libdriver.a(uart_intstatus_.o)
                0x0000000000002970                UARTIntStatus
 .text          0x000000000000297c      0x11c hw_include/libdriver.a(gpio_padconfigset_.o)
                0x000000000000297c                GPIOPadConfigSet
 .text          0x0000000000002a98        0xc hw_include/libdriver.a(i2c_masterenable_.o)
                0x0000000000002a98                I2CMasterEnable
 .text          0x0000000000002aa4       0xac /usr/lib/gcc/arm-none-eabi/9.2.1/../../../arm-none-eabi/lib/thumb/nofp/libc.a(lib_a-memcpy-stub.o)
                0x0000000000002aa4                memcpy
 .text          0x0000000000002b50       0xb0 /usr/lib/gcc/arm-none-eabi/9.2.1/../../../arm-none-eabi/lib/thumb/nofp/libc.a(lib_a-memset.o)
                0x0000000000002b50                memset
 *(.rodata*)
 .rodata.str1.4
                0x0000000000002c00       0x76 gcc/main.o
 *fill*         0x0000000000002c76        0x2 
 .rodata.str1.4
                0x0000000000002c78        0x5 gcc/tasks.o
 *fill*         0x0000000000002c7d        0x3 
 .rodata.str1.4
                0x0000000000002c80       0x30 gcc/BlockQ.o
 .rodata.str1.4
                0x0000000000002cb0       0x10 gcc/PollQ.o
 .rodata.str1.4
                0x0000000000002cc0        0x8 gcc/integer.o
 .rodata.str1.4
                0x0000000000002cc8       0x20 gcc/semtest.o
 .rodata        0x0000000000002ce8      0x25d gcc/osram96x16.o
 *fill*         0x0000000000002f45        0x3 
 .rodata        0x0000000000002f48       0x30 hw_include/libdriver.a(interrupt_pulregs_.o)
                0x0000000000002f48                g_pulRegs
 .rodata        0x0000000000002f78        0xc hw_include/libdriver.a(sysctl_pulrcgcregs_.o)
                0x0000000000002f78                g_pulRCGCRegs
 .rodata        0x0000000000002f84       0x30 hw_include/libdriver.a(sysctl_pulxtals_.o)
                0x0000000000002f84                g_pulXtals
                0x0000000000002fb4                _etext = .

.glue_7         0x0000000000002fb4        0x0
 .glue_7        0x0000000000002fb4        0x0 linker stubs

.glue_7t        0x0000000000002fb4        0x0
 .glue_7t       0x0000000000002fb4        0x0 linker stubs

.vfp11_veneer   0x0000000000002fb4        0x0
 .vfp11_veneer  0x0000000000002fb4        0x0 linker stubs

.v4_bx          0x0000000000002fb4        0x0
 .v4_bx         0x0000000000002fb4        0x0 linker stubs

.iplt           0x0000000000002fb4        0x0
 .iplt          0x0000000000002fb4        0x0 gcc/startup.o

.rel.dyn        0x0000000000002fb4        0x0
 .rel.iplt      0x0000000000002fb4        0x0 gcc/startup.o

.data           0x0000000020000000        0x8 load address 0x0000000000002fb4
                0x0000000020000000                _data = .
 *(vtable)
 *(.data)
 .data          0x0000000020000000        0x0 gcc/startup.o
 .data          0x0000000020000000        0x0 gcc/main.o
 .data          0x0000000020000000        0x0 gcc/list.o
 .data          0x0000000020000000        0x0 gcc/queue.o
 .data          0x0000000020000000        0x4 gcc/tasks.o
                0x0000000020000000                uxTopUsedPriority
 .data          0x0000000020000004        0x4 gcc/port.o
 .data          0x0000000020000008        0x0 gcc/heap_1.o
 .data          0x0000000020000008        0x0 gcc/BlockQ.o
 .data          0x0000000020000008        0x0 gcc/PollQ.o
 .data          0x0000000020000008        0x0 gcc/integer.o
 .data          0x0000000020000008        0x0 gcc/semtest.o
 .data          0x0000000020000008        0x0 gcc/osram96x16.o
 .data          0x0000000020000008        0x0 hw_include/libdriver.a(gpio_dirmodeset_.o)
 .data          0x0000000020000008        0x0 hw_include/libdriver.a(gpio_inttypeset_.o)
 .data          0x0000000020000008        0x0 hw_include/libdriver.a(gpio_pinintclear_.o)
 .data          0x0000000020000008        0x0 hw_include/libdriver.a(gpio_pinintenable_.o)
 .data          0x0000000020000008        0x0 hw_include/libdriver.a(gpio_pintypei2c_.o)
 .data          0x0000000020000008        0x0 hw_include/libdriver.a(i2c_mastercontrol_.o)
 .data          0x0000000020000008        0x0 hw_include/libdriver.a(i2c_masterdataput_.o)
 .data          0x0000000020000008        0x0 hw_include/libdriver.a(i2c_masterinit_.o)
 .data          0x0000000020000008        0x0 hw_include/libdriver.a(i2c_masterintstatus_.o)
 .data          0x0000000020000008        0x0 hw_include/libdriver.a(i2c_masterslaveaddrset_.o)
 .data          0x0000000020000008        0x0 hw_include/libdriver.a(interrupt_enable_.o)
 .data          0x0000000020000008        0x0 hw_include/libdriver.a(interrupt_priorityset_.o)
 .data          0x0000000020000008        0x0 hw_include/libdriver.a(interrupt_pulregs_.o)
 .data          0x0000000020000008        0x0 hw_include/libdriver.a(sysctl_clockget_.o)
 .data          0x0000000020000008        0x0 hw_include/libdriver.a(sysctl_clockset_.o)
 .data          0x0000000020000008        0x0 hw_include/libdriver.a(sysctl_peripheralenable_.o)
 .data          0x0000000020000008        0x0 hw_include/libdriver.a(sysctl_pulrcgcregs_.o)
 .data          0x0000000020000008        0x0 hw_include/libdriver.a(sysctl_pulxtals_.o)
 .data          0x0000000020000008        0x0 hw_include/libdriver.a(uart_configset_.o)
 .data          0x0000000020000008        0x0 hw_include/libdriver.a(uart_disable_.o)
 .data          0x0000000020000008        0x0 hw_include/libdriver.a(uart_enable_.o)
 .data          0x0000000020000008        0x0 hw_include/libdriver.a(uart_intclear_.o)
 .data          0x0000000020000008        0x0 hw_include/libdriver.a(uart_intdisable_.o)
 .data          0x0000000020000008        0x0 hw_include/libdriver.a(uart_intenable_.o)
 .data          0x0000000020000008        0x0 hw_include/libdriver.a(uart_intstatus_.o)
 .data          0x0000000020000008        0x0 hw_include/libdriver.a(gpio_padconfigset_.o)
 .data          0x0000000020000008        0x0 hw_include/libdriver.a(i2c_masterenable_.o)
 .data          0x0000000020000008        0x0 /usr/lib/gcc/arm-none-eabi/9.2.1/../../../arm-none-eabi/lib/thumb/nofp/libc.a(lib_a-memcpy-stub.o)
 .data          0x0000000020000008        0x0 /usr/lib/gcc/arm-none-eabi/9.2.1/../../../arm-none-eabi/lib/thumb/nofp/libc.a(lib_a-memset.o)
                0x0000000020000008                _edata = .

.igot.plt       0x0000000020000008        0x0 load address 0x0000000000002fbc
 .igot.plt      0x0000000020000008        0x0 gcc/startup.o

.bss            0x0000000020000008     0x1d8c load address 0x0000000000002fbc
                0x0000000020000008                _bss = .
 *(.bss)
 .bss           0x0000000020000008      0x100 gcc/startup.o
 .bss           0x0000000020000108        0x4 gcc/main.o
 .bss           0x000000002000010c        0x0 gcc/list.o
 .bss           0x000000002000010c        0x0 gcc/queue.o
 .bss           0x000000002000010c       0xd8 gcc/tasks.o
                0x0000000020000110                pxCurrentTCB
 .bss           0x00000000200001e4        0x0 gcc/port.o
 .bss           0x00000000200001e4     0x1b60 gcc/heap_1.o
 .bss           0x0000000020001d44       0x1e gcc/BlockQ.o
 *fill*         0x0000000020001d62        0x2 
 .bss           0x0000000020001d64        0xc gcc/PollQ.o
 .bss           0x0000000020001d70        0x4 gcc/integer.o
 .bss           0x0000000020001d74       0x14 gcc/semtest.o
 .bss           0x0000000020001d88        0x4 gcc/osram96x16.o
 .bss           0x0000000020001d8c        0x0 hw_include/libdriver.a(gpio_dirmodeset_.o)
 .bss           0x0000000020001d8c        0x0 hw_include/libdriver.a(gpio_inttypeset_.o)
 .bss           0x0000000020001d8c        0x0 hw_include/libdriver.a(gpio_pinintclear_.o)
 .bss           0x0000000020001d8c        0x0 hw_include/libdriver.a(gpio_pinintenable_.o)
 .bss           0x0000000020001d8c        0x0 hw_include/libdriver.a(gpio_pintypei2c_.o)
 .bss           0x0000000020001d8c        0x0 hw_include/libdriver.a(i2c_mastercontrol_.o)
 .bss           0x0000000020001d8c        0x0 hw_include/libdriver.a(i2c_masterdataput_.o)
 .bss           0x0000000020001d8c        0x0 hw_include/libdriver.a(i2c_masterinit_.o)
 .bss           0x0000000020001d8c        0x0 hw_include/libdriver.a(i2c_masterintstatus_.o)
 .bss           0x0000000020001d8c        0x0 hw_include/libdriver.a(i2c_masterslaveaddrset_.o)
 .bss           0x0000000020001d8c        0x0 hw_include/libdriver.a(interrupt_enable_.o)
 .bss           0x0000000020001d8c        0x0 hw_include/libdriver.a(interrupt_priorityset_.o)
 .bss           0x0000000020001d8c        0x0 hw_include/libdriver.a(interrupt_pulregs_.o)
 .bss           0x0000000020001d8c        0x0 hw_include/libdriver.a(sysctl_clockget_.o)
 .bss           0x0000000020001d8c        0x0 hw_include/libdriver.a(sysctl_clockset_.o)
 .bss           0x0000000020001d8c        0x0 hw_include/libdriver.a(sysctl_peripheralenable_.o)
 .bss           0x0000000020001d8c        0x0 hw_include/libdriver.a(sysctl_pulrcgcregs_.o)
 .bss           0x0000000020001d8c        0x0 hw_include/libdriver.a(sysctl_pulxtals_.o)
 .bss           0x0000000020001d8c        0x0 hw_include/libdriver.a(uart_configset_.o)
 .bss           0x0000000020001d8c        0x0 hw_include/libdriver.a(uart_disable_.o)
 .bss           0x0000000020001d8c        0x0 hw_include/libdriver.a(uart_enable_.o)
 .bss           0x0000000020001d8c        0x0 hw_include/libdriver.a(uart_intclear_.o)
 .bss           0x0000000020001d8c        0x0 hw_include/libdriver.a(uart_intdisable_.o)
 .bss           0x0000000020001d8c        0x0 hw_include/libdriver.a(uart_intenable_.o)
 .bss           0x0000000020001d8c        0x0 hw_include/libdriver.a(uart_intstatus_.o)
 .bss           0x0000000020001d8c        0x0 hw_include/libdriver.a(gpio_padconfigset_.o)
 .bss           0x0000000020001d8c        0x0 hw_include/libdriver.a(i2c_masterenable_.o)
 .bss           0x0000000020001d8c        0x0 /usr/lib/gcc/arm-none-eabi/9.2.1/../../../arm-none-eabi/lib/thumb/nofp/libc.a(lib_a-memcpy-stub.o)
 .bss           0x0000000020001d8c        0x0 /usr/lib/gcc/arm-none-eabi/9.2.1/../../../arm-none-eabi/lib/thumb/nofp/libc.a(lib_a-memset.o)
 *(COMMON)
 COMMON         0x0000000020001d8c        0x8 gcc/main.o
                0x0000000020001d8c                xPrintQueue
                0x0000000020001d90                xButtonSemaphore
                0x0000000020001d94                _ebss = .
LOAD gcc/startup.o
LOAD gcc/main.o
LOAD gcc/list.o
LOAD gcc/queue.o
LOAD gcc/tasks.o
LOAD gcc/port.o
LOAD gcc/heap_1.o
LOAD gcc/BlockQ.o
LOAD gcc/PollQ.o
LOAD gcc/integer.o
LOAD gcc/semtest.o
LOAD gcc/osram96x16.o
LOAD hw_include/libdriver.a
LOAD /usr/lib/gcc/arm-none-eabi/9.2.1/../../../arm-none-eabi/lib/thumb/nofp/libc.a
LOAD /usr/lib/gcc/arm-none-eabi/9.2.1/thumb/nofp/libgcc.a
OUTPUT(gcc/RTOSDemo.axf elf32-littlearm)
LOAD linker stubs

.comment        0x0000000000000000      0x43d
 .comment       0x0000000000000000       0x59 gcc/startup.o
                                         0x5a (size before relaxing)
 .comment       0x0000000000000059       0x5a gcc/main.o
 .comment       0x0000000000000059       0x5a gcc/list.o
 .comment       0x0000000000000059       0x5a gcc/queue.o
 .comment       0x0000000000000059       0x5a gcc/tasks.o
 .comment       0x0000000000000059       0x5a gcc/port.o
 .comment       0x0000000000000059       0x5a gcc/heap_1.o
 .comment       0x0000000000000059       0x5a gcc/BlockQ.o
 .comment       0x0000000000000059       0x5a gcc/PollQ.o
 .comment       0x0000000000000059       0x5a gcc/integer.o
 .comment       0x0000000000000059       0x5a gcc/semtest.o
 .comment       0x0000000000000059       0x5a gcc/osram96x16.o
 .comment       0x0000000000000059       0x22 hw_include/libdriver.a(gpio_dirmodeset_.o)
 .comment       0x000000000000007b       0x22 hw_include/libdriver.a(gpio_inttypeset_.o)
 .comment       0x000000000000009d       0x22 hw_include/libdriver.a(gpio_pinintclear_.o)
 .comment       0x00000000000000bf       0x22 hw_include/libdriver.a(gpio_pinintenable_.o)
 .comment       0x00000000000000e1       0x22 hw_include/libdriver.a(gpio_pintypei2c_.o)
 .comment       0x0000000000000103       0x22 hw_include/libdriver.a(i2c_mastercontrol_.o)
 .comment       0x0000000000000125       0x22 hw_include/libdriver.a(i2c_masterdataput_.o)
 .comment       0x0000000000000147       0x22 hw_include/libdriver.a(i2c_masterinit_.o)
 .comment       0x0000000000000169       0x22 hw_include/libdriver.a(i2c_masterintstatus_.o)
 .comment       0x000000000000018b       0x22 hw_include/libdriver.a(i2c_masterslaveaddrset_.o)
 .comment       0x00000000000001ad       0x22 hw_include/libdriver.a(interrupt_enable_.o)
 .comment       0x00000000000001cf       0x22 hw_include/libdriver.a(interrupt_priorityset_.o)
 .comment       0x00000000000001f1       0x22 hw_include/libdriver.a(interrupt_pulregs_.o)
 .comment       0x0000000000000213       0x22 hw_include/libdriver.a(sysctl_clockget_.o)
 .comment       0x0000000000000235       0x22 hw_include/libdriver.a(sysctl_clockset_.o)
 .comment       0x0000000000000257       0x22 hw_include/libdriver.a(sysctl_peripheralenable_.o)
 .comment       0x0000000000000279       0x22 hw_include/libdriver.a(sysctl_pulrcgcregs_.o)
 .comment       0x000000000000029b       0x22 hw_include/libdriver.a(sysctl_pulxtals_.o)
 .comment       0x00000000000002bd       0x22 hw_include/libdriver.a(uart_configset_.o)
 .comment       0x00000000000002df       0x22 hw_include/libdriver.a(uart_disable_.o)
 .comment       0x0000000000000301       0x22 hw_include/libdriver.a(uart_enable_.o)
 .comment       0x0000000000000323       0x22 hw_include/libdriver.a(uart_intclear_.o)
 .comment       0x0000000000000345       0x22 hw_include/libdriver.a(uart_intdisable_.o)
 .comment       0x0000000000000367       0x22 hw_include/libdriver.a(uart_intenable_.o)
 .comment       0x0000000000000389       0x22 hw_include/libdriver.a(uart_intstatus_.o)
 .comment       0x00000000000003ab       0x22 hw_include/libdriver.a(gpio_padconfigset_.o)
 .comment       0x00000000000003cd       0x22 hw_include/libdriver.a(i2c_masterenable_.o)
 .comment       0x00000000000003ef       0x4e /usr/lib/gcc/arm-none-eabi/9.2.1/../../../arm-none-eabi/lib/thumb/nofp/libc.a(lib_a-memcpy-stub.o)
                                         0x4f (size before relaxing)
 .comment       0x000000000000043d       0x4f /usr/lib/gcc/arm-none-eabi/9.2.1/../../../arm-none-eabi/lib/thumb/nofp/libc.a(lib_a-memset.o)

.ARM.attributes
                0x0000000000000000       0x2f
 .ARM.attributes
                0x0000000000000000       0x2d gcc/startup.o
 .ARM.attributes
                0x000000000000002d       0x2d gcc/main.o
 .ARM.attributes
                0x000000000000005a       0x2d gcc/list.o
 .ARM.attributes
                0x0000000000000087       0x2d gcc/queue.o
 .ARM.attributes
                0x00000000000000b4       0x2d gcc/tasks.o
 .ARM.attributes
                0x00000000000000e1       0x2d gcc/port.o
 .ARM.attributes
                0x000000000000010e       0x2d gcc/heap_1.o
 .ARM.attributes
                0x000000000000013b       0x2d gcc/BlockQ.o
 .ARM.attributes
                0x0000000000000168       0x2d gcc/PollQ.o
 .ARM.attributes
                0x0000000000000195       0x2d gcc/integer.o
 .ARM.attributes
                0x00000000000001c2       0x2d gcc/semtest.o
 .ARM.attributes
                0x00000000000001ef       0x2d gcc/osram96x16.o
 .ARM.attributes
                0x000000000000021c       0x31 hw_include/libdriver.a(gpio_dirmodeset_.o)
 .ARM.attributes
                0x000000000000024d       0x31 hw_include/libdriver.a(gpio_inttypeset_.o)
 .ARM.attributes
                0x000000000000027e       0x31 hw_include/libdriver.a(gpio_pinintclear_.o)
 .ARM.attributes
                0x00000000000002af       0x31 hw_include/libdriver.a(gpio_pinintenable_.o)
 .ARM.attributes
                0x00000000000002e0       0x31 hw_include/libdriver.a(gpio_pintypei2c_.o)
 .ARM.attributes
                0x0000000000000311       0x31 hw_include/libdriver.a(i2c_mastercontrol_.o)
 .ARM.attributes
                0x0000000000000342       0x31 hw_include/libdriver.a(i2c_masterdataput_.o)
 .ARM.attributes
                0x0000000000000373       0x31 hw_include/libdriver.a(i2c_masterinit_.o)
 .ARM.attributes
                0x00000000000003a4       0x31 hw_include/libdriver.a(i2c_masterintstatus_.o)
 .ARM.attributes
                0x00000000000003d5       0x31 hw_include/libdriver.a(i2c_masterslaveaddrset_.o)
 .ARM.attributes
                0x0000000000000406       0x31 hw_include/libdriver.a(interrupt_enable_.o)
 .ARM.attributes
                0x0000000000000437       0x31 hw_include/libdriver.a(interrupt_priorityset_.o)
 .ARM.attributes
                0x0000000000000468       0x2f hw_include/libdriver.a(interrupt_pulregs_.o)
 .ARM.attributes
                0x0000000000000497       0x31 hw_include/libdriver.a(sysctl_clockget_.o)
 .ARM.attributes
                0x00000000000004c8       0x31 hw_include/libdriver.a(sysctl_clockset_.o)
 .ARM.attributes
                0x00000000000004f9       0x31 hw_include/libdriver.a(sysctl_peripheralenable_.o)
 .ARM.attributes
                0x000000000000052a       0x2f hw_include/libdriver.a(sysctl_pulrcgcregs_.o)
 .ARM.attributes
                0x0000000000000559       0x2f hw_include/libdriver.a(sysctl_pulxtals_.o)
 .ARM.attributes
                0x0000000000000588       0x31 hw_include/libdriver.a(uart_configset_.o)
 .ARM.attributes
                0x00000000000005b9       0x31 hw_include/libdriver.a(uart_disable_.o)
 .ARM.attributes
                0x00000000000005ea       0x31 hw_include/libdriver.a(uart_enable_.o)
 .ARM.attributes
                0x000000000000061b       0x31 hw_include/libdriver.a(uart_intclear_.o)
 .ARM.attributes
                0x000000000000064c       0x31 hw_include/libdriver.a(uart_intdisable_.o)
 .ARM.attributes
                0x000000000000067d       0x31 hw_include/libdriver.a(uart_intenable_.o)
 .ARM.attributes
                0x00000000000006ae       0x31 hw_include/libdriver.a(uart_intstatus_.o)
 .ARM.attributes
                0x00000000000006df       0x31 hw_include/libdriver.a(gpio_padconfigset_.o)
 .ARM.attributes
                0x0000000000000710       0x31 hw_include/libdriver.a(i2c_masterenable_.o)
 .ARM.attributes
                0x0000000000000741       0x2a /usr/lib/gcc/arm-none-eabi/9.2.1/../../../arm-none-eabi/lib/thumb/nofp/libc.a(lib_a-memcpy-stub.o)
 .ARM.attributes
                0x000000000000076b       0x2a /usr/lib/gcc/arm-none-eabi/9.2.1/../../../arm-none-eabi/lib/thumb/nofp/libc.a(lib_a-memset.o)

.debug_info     0x0000000000000000     0x1e56
 .debug_info    0x0000000000000000      0xf35 /usr/lib/gcc/arm-none-eabi/9.2.1/../../../arm-none-eabi/lib/thumb/nofp/libc.a(lib_a-memcpy-stub.o)
 .debug_info    0x0000000000000f35      0xf21 /usr/lib/gcc/arm-none-eabi/9.2.1/../../../arm-none-eabi/lib/thumb/nofp/libc.a(lib_a-memset.o)

.debug_abbrev   0x0000000000000000      0x43a
 .debug_abbrev  0x0000000000000000      0x223 /usr/lib/gcc/arm-none-eabi/9.2.1/../../../arm-none-eabi/lib/thumb/nofp/libc.a(lib_a-memcpy-stub.o)
 .debug_abbrev  0x0000000000000223      0x217 /usr/lib/gcc/arm-none-eabi/9.2.1/../../../arm-none-eabi/lib/thumb/nofp/libc.a(lib_a-memset.o)

.debug_loc      0x0000000000000000      0x760
 .debug_loc     0x0000000000000000      0x481 /usr/lib/gcc/arm-none-eabi/9.2.1/../../../arm-none-eabi/lib/thumb/nofp/libc.a(lib_a-memcpy-stub.o)
 .debug_loc     0x0000000000000481      0x2df /usr/lib/gcc/arm-none-eabi/9.2.1/../../../arm-none-eabi/lib/thumb/nofp/libc.a(lib_a-memset.o)

.debug_aranges  0x0000000000000000       0x40
 .debug_aranges
                0x0000000000000000       0x20 /usr/lib/gcc/arm-none-eabi/9.2.1/../../../arm-none-eabi/lib/thumb/nofp/libc.a(lib_a-memcpy-stub.o)
 .debug_aranges
                0x0000000000000020       0x20 /usr/lib/gcc/arm-none-eabi/9.2.1/../../../arm-none-eabi/lib/thumb/nofp/libc.a(lib_a-memset.o)

.debug_line     0x0000000000000000      0x4c2
 .debug_line    0x0000000000000000      0x247 /usr/lib/gcc/arm-none-eabi/9.2.1/../../../arm-none-eabi/lib/thumb/nofp/libc.a(lib_a-memcpy-stub.o)
 .debug_line    0x0000000000000247      0x27b /usr/lib/gcc/arm-none-eabi/9.2.1/../../../arm-none-eabi/lib/thumb/nofp/libc.a(lib_a-memset.o)

.debug_str      0x0000000000000000      0x890
 .debug_str     0x0000000000000000      0x7f0 /usr/lib/gcc/arm-none-eabi/9.2.1/../../../arm-none-eabi/lib/thumb/nofp/libc.a(lib_a-memcpy-stub.o)
                                        0x8f0 (size before relaxing)
 .debug_str     0x00000000000007f0       0xa0 /usr/lib/gcc/arm-none-eabi/9.2.1/../../../arm-none-eabi/lib/thumb/nofp/libc.a(lib_a-memset.o)
                                        0x8cb (size before relaxing)

.debug_frame    0x0000000000000000       0x64
 .debug_frame   0x0000000000000000       0x34 /usr/lib/gcc/arm-none-eabi/9.2.1/../../../arm-none-eabi/lib/thumb/nofp/libc.a(lib_a-memcpy-stub.o)
 .debug_frame   0x0000000000000034       0x30 /usr/lib/gcc/arm-none-eabi/9.2.1/../../../arm-none-eabi/lib/thumb/nofp/libc.a(lib_a-memset.o)
